// Jest Snapshot v1, https://goo.gl/fbAQLP

exports[`ContextMenuItem renders with defaultProps 1`] = `
<li
  className=""
>
  <button
    className="ax-context-menu__item"
  >
    Lorem ipsum
  </button>
</li>
`;
