// Jest Snapshot v1, https://goo.gl/fbAQLP

exports[`ContextMenu renders with defaultProps 1`] = `
<div
  className="ax-context-box ax-context-box--padding-none"
>
  <ul
    className="ax-context-menu"
  >
    <li
      className=""
    >
      <button
        className="ax-context-menu__item"
      >
        Lorem ipsum
      </button>
    </li>
  </ul>
</div>
`;
